bun : $ bun run version:check && tsc -b && vite build
At line:1 char:1
+ bun run build *> build-errors.txt; exit $LASTEXITCODE
+ ~~~~~~~~~~~~~~~~~~~~~~~~~~~~~~~~~
    + CategoryInfo          : NotSpecified: ($ bun run versi...b && vite build:String) [], RemoteException
    + FullyQualifiedErrorId : NativeCommandError
 
$ bun scripts/check-version-sync.mjs
✅ Version sync check passed (0.8.0)
src/App.tsx(4,46): error TS2305: Module '"@/lib/xml-parser"' has no exported member 'ParseDiagnostic'.
src/App.tsx(196,65): error TS2554: Expected 1-3 arguments, but got 4.
src/App.tsx(263,77): error TS2554: Expected 1-3 arguments, but got 4.
src/components/editors/HandlingEditor.tsx(28,7): error TS2741: Property 'identity' is missing in type '{ physical: React.ForwardRefExoticComponent<Omit<LucideProps, "ref"> & React.RefAttributes<SVGSVGElement>>; transmission: React.ForwardRefExoticComponent<...>; ... 6 more ...; subHandling: React.ForwardRefExoticComponent<...>; }' but required in type 'Record<SectionId, ComponentType<{ className?: string | undefined; }>>'.
src/components/editors/VehiclesEditor.tsx(125,8): error TS2304: Cannot find name 'Switch'.
src/components/layout/MetaMergingView.tsx(52,3): error TS2305: Module '"@/lib/meta-merge"' has no exported member 'analyzeFiles'.
src/components/layout/MetaMergingView.tsx(53,3): error TS2305: Module '"@/lib/meta-merge"' has no exported member 'analyzeOneFile'.
src/components/layout/MetaMergingView.tsx(204,31): error TS7006: Parameter 'c' implicitly has an 'any' type.
src/components/layout/MetaMergingView.tsx(230,9): error TS2353: Object literal may only specify known properties, and 'duplicateStrategy' does not exist in type 'MergeOptions'.
src/components/layout/MetaMergingView.tsx(828,49): error TS2339: Property 'conflictsDetected' does not exist on type 'MergeSummary'.
src/components/layout/MetaMergingView.tsx(828,83): error TS2339: Property 'conflictsDetected' does not exist on type 'MergeSummary'.
src/lib/xml-parser.ts(309,11): error TS2740: Type '{ modelName: string; txdName: string; handlingId: string; gameName: string; vehicleMakeName: string; type: string; vehicleClass: string; layout: string; driverSourceExtension: string; audioNameHash: string; ... 4 more ...; flags: string[]; }' is missing the following properties from type 'VehiclesData': expressionDictName, expressionName, animConvRoofDictName, animConvRoofName, and 63 more.
